// Vitest Snapshot v1

exports[`Sidebar > renders properly 1`] = `
"<v-navigation-drawer>
  <v-list class=\\"routes\\">
    <v-list-item>
      <v-list-item-subtitle class=\\"label\\">Positions</v-list-item-subtitle>
      <v-icon size=\\"x-small\\" icon=\\"mdi-arrow-up\\" class=\\"arrow\\"></v-icon>
      <v-list>
        <v-list-item>
          <router-link to=\\"/positions/closed-guard\\" class=\\"link\\" active-class=\\"link-active\\">Closed guard</router-link>
        </v-list-item>
        <v-list-item>
          <router-link to=\\"/positions/side-control\\" class=\\"link\\" active-class=\\"link-active\\">Side control</router-link>
        </v-list-item>
        <v-list-item>
          <router-link to=\\"/positions/knee-on-chest\\" class=\\"link\\" active-class=\\"link-active\\">Knee on chest</router-link>
        </v-list-item>
        <v-list-item>
          <router-link to=\\"/positions/mount\\" class=\\"link\\" active-class=\\"link-active\\">Mount</router-link>
        </v-list-item>
        <v-list-item>
          <router-link to=\\"/positions/back-mount\\" class=\\"link\\" active-class=\\"link-active\\">Back mount</router-link>
        </v-list-item>
        <v-list-item>
          <router-link to=\\"/positions/half-guard\\" class=\\"link\\" active-class=\\"link-active\\">Half guard</router-link>
        </v-list-item>
        <v-list-item>
          <router-link to=\\"/positions/spider-guard\\" class=\\"link\\" active-class=\\"link-active\\">Spider guard</router-link>
        </v-list-item>
        <v-list-item>
          <router-link to=\\"/positions/collar-sleeve-guard\\" class=\\"link\\" active-class=\\"link-active\\">Collar sleeve guard</router-link>
        </v-list-item>
        <v-list-item>
          <router-link to=\\"/positions/de-la-riva-guard\\" class=\\"link\\" active-class=\\"link-active\\">De la Riva guard</router-link>
        </v-list-item>
      </v-list>
    </v-list-item>
    <v-list-item>
      <v-list-item-subtitle class=\\"label\\">Transitions</v-list-item-subtitle>
      <v-icon size=\\"x-small\\" icon=\\"mdi-arrow-down\\" class=\\"arrow\\"></v-icon>
      <!--v-if-->
    </v-list-item>
    <v-list-item>
      <v-list-item-subtitle class=\\"label\\">Guard passes</v-list-item-subtitle>
      <v-icon size=\\"x-small\\" icon=\\"mdi-arrow-down\\" class=\\"arrow\\"></v-icon>
      <!--v-if-->
    </v-list-item>
    <v-list-item>
      <v-list-item-subtitle class=\\"label\\">Sweeps</v-list-item-subtitle>
      <v-icon size=\\"x-small\\" icon=\\"mdi-arrow-down\\" class=\\"arrow\\"></v-icon>
      <!--v-if-->
    </v-list-item>
    <v-list-item>
      <v-list-item-subtitle class=\\"label\\">Submissions</v-list-item-subtitle>
      <v-icon size=\\"x-small\\" icon=\\"mdi-arrow-down\\" class=\\"arrow\\"></v-icon>
      <!--v-if-->
    </v-list-item>
  </v-list>
</v-navigation-drawer>"
`;
